Archive member included to satisfy reference by file (symbol)

c:/users/84869/onedrive/desktop/work/1.vxl/stm32cubeide_1.7.0/stm32cubeide/plugins/com.st.stm32cube.ide.mcu.externaltools.gnu-tools-for-stm32.9-2020-q2-update.win32_2.0.0.202105311346/tools/bin/../lib/gcc/arm-none-eabi/9.3.1/../../../../arm-none-eabi/lib/thumb/v7-m/nofp\libc_nano.a(lib_a-errno.o)
                              ./Core/Src/syscalls.o (__errno)
c:/users/84869/onedrive/desktop/work/1.vxl/stm32cubeide_1.7.0/stm32cubeide/plugins/com.st.stm32cube.ide.mcu.externaltools.gnu-tools-for-stm32.9-2020-q2-update.win32_2.0.0.202105311346/tools/bin/../lib/gcc/arm-none-eabi/9.3.1/../../../../arm-none-eabi/lib/thumb/v7-m/nofp\libc_nano.a(lib_a-exit.o)
                              c:/users/84869/onedrive/desktop/work/1.vxl/stm32cubeide_1.7.0/stm32cubeide/plugins/com.st.stm32cube.ide.mcu.externaltools.gnu-tools-for-stm32.9-2020-q2-update.win32_2.0.0.202105311346/tools/bin/../lib/gcc/arm-none-eabi/9.3.1/../../../../arm-none-eabi/lib/thumb/v7-m/nofp/crt0.o (exit)
c:/users/84869/onedrive/desktop/work/1.vxl/stm32cubeide_1.7.0/stm32cubeide/plugins/com.st.stm32cube.ide.mcu.externaltools.gnu-tools-for-stm32.9-2020-q2-update.win32_2.0.0.202105311346/tools/bin/../lib/gcc/arm-none-eabi/9.3.1/../../../../arm-none-eabi/lib/thumb/v7-m/nofp\libc_nano.a(lib_a-impure.o)
                              c:/users/84869/onedrive/desktop/work/1.vxl/stm32cubeide_1.7.0/stm32cubeide/plugins/com.st.stm32cube.ide.mcu.externaltools.gnu-tools-for-stm32.9-2020-q2-update.win32_2.0.0.202105311346/tools/bin/../lib/gcc/arm-none-eabi/9.3.1/../../../../arm-none-eabi/lib/thumb/v7-m/nofp\libc_nano.a(lib_a-exit.o) (_global_impure_ptr)
c:/users/84869/onedrive/desktop/work/1.vxl/stm32cubeide_1.7.0/stm32cubeide/plugins/com.st.stm32cube.ide.mcu.externaltools.gnu-tools-for-stm32.9-2020-q2-update.win32_2.0.0.202105311346/tools/bin/../lib/gcc/arm-none-eabi/9.3.1/../../../../arm-none-eabi/lib/thumb/v7-m/nofp\libc_nano.a(lib_a-init.o)
                              c:/users/84869/onedrive/desktop/work/1.vxl/stm32cubeide_1.7.0/stm32cubeide/plugins/com.st.stm32cube.ide.mcu.externaltools.gnu-tools-for-stm32.9-2020-q2-update.win32_2.0.0.202105311346/tools/bin/../lib/gcc/arm-none-eabi/9.3.1/../../../../arm-none-eabi/lib/thumb/v7-m/nofp/crt0.o (__libc_init_array)
c:/users/84869/onedrive/desktop/work/1.vxl/stm32cubeide_1.7.0/stm32cubeide/plugins/com.st.stm32cube.ide.mcu.externaltools.gnu-tools-for-stm32.9-2020-q2-update.win32_2.0.0.202105311346/tools/bin/../lib/gcc/arm-none-eabi/9.3.1/../../../../arm-none-eabi/lib/thumb/v7-m/nofp\libc_nano.a(lib_a-memset.o)
                              c:/users/84869/onedrive/desktop/work/1.vxl/stm32cubeide_1.7.0/stm32cubeide/plugins/com.st.stm32cube.ide.mcu.externaltools.gnu-tools-for-stm32.9-2020-q2-update.win32_2.0.0.202105311346/tools/bin/../lib/gcc/arm-none-eabi/9.3.1/../../../../arm-none-eabi/lib/thumb/v7-m/nofp/crt0.o (memset)

Allocating common symbols
Common symbol       size              file

uwTick              0x4               ./Drivers/STM32F1xx_HAL_Driver/Src/stm32f1xx_hal.o
pFlash              0x20              ./Drivers/STM32F1xx_HAL_Driver/Src/stm32f1xx_hal_flash.o
red_value           0x4               ./Core/Src/initial.o
red_manual          0x4               ./Core/Src/initial.o
green_manual        0x4               ./Core/Src/initial.o
green_value         0x4               ./Core/Src/initial.o
htim2               0x48              ./Core/Src/main.o
yellow_manual       0x4               ./Core/Src/initial.o
yellow_value        0x4               ./Core/Src/initial.o

Discarded input sections

 .text          0x0000000000000000        0x0 c:/users/84869/onedrive/desktop/work/1.vxl/stm32cubeide_1.7.0/stm32cubeide/plugins/com.st.stm32cube.ide.mcu.externaltools.gnu-tools-for-stm32.9-2020-q2-update.win32_2.0.0.202105311346/tools/bin/../lib/gcc/arm-none-eabi/9.3.1/thumb/v7-m/nofp/crti.o
 .data          0x0000000000000000        0x0 c:/users/84869/onedrive/desktop/work/1.vxl/stm32cubeide_1.7.0/stm32cubeide/plugins/com.st.stm32cube.ide.mcu.externaltools.gnu-tools-for-stm32.9-2020-q2-update.win32_2.0.0.202105311346/tools/bin/../lib/gcc/arm-none-eabi/9.3.1/thumb/v7-m/nofp/crti.o
 .bss           0x0000000000000000        0x0 c:/users/84869/onedrive/desktop/work/1.vxl/stm32cubeide_1.7.0/stm32cubeide/plugins/com.st.stm32cube.ide.mcu.externaltools.gnu-tools-for-stm32.9-2020-q2-update.win32_2.0.0.202105311346/tools/bin/../lib/gcc/arm-none-eabi/9.3.1/thumb/v7-m/nofp/crti.o
 .data          0x0000000000000000        0x4 c:/users/84869/onedrive/desktop/work/1.vxl/stm32cubeide_1.7.0/stm32cubeide/plugins/com.st.stm32cube.ide.mcu.externaltools.gnu-tools-for-stm32.9-2020-q2-update.win32_2.0.0.202105311346/tools/bin/../lib/gcc/arm-none-eabi/9.3.1/thumb/v7-m/nofp/crtbegin.o
[...]
Memory Configuration

Name             Origin             Length             Attributes
RAM              0x0000000020000000 0x0000000000002800 xrw
FLASH            0x0000000008000000 0x0000000000008000 xr
*default*        0x0000000000000000 0xffffffffffffffff

Linker script and memory map

LOAD c:/users/84869/onedrive/desktop/work/1.vxl/stm32cubeide_1.7.0/stm32cubeide/plugins/com.st.stm32cube.ide.mcu.externaltools.gnu-tools-for-stm32.9-2020-q2-update.win32_2.0.0.202105311346/tools/bin/../lib/gcc/arm-none-eabi/9.3.1/thumb/v7-m/nofp/crti.o
LOAD c:/users/84869/onedrive/desktop/work/1.vxl/stm32cubeide_1.7.0/stm32cubeide/plugins/com.st.stm32cube.ide.mcu.externaltools.gnu-tools-for-stm32.9-2020-q2-update.win32_2.0.0.202105311346/tools/bin/../lib/gcc/arm-none-eabi/9.3.1/thumb/v7-m/nofp/crtbegin.o
LOAD c:/users/84869/onedrive/desktop/work/1.vxl/stm32cubeide_1.7.0/stm32cubeide/plugins/com.st.stm32cube.ide.mcu.externaltools.gnu-tools-for-stm32.9-2020-q2-update.win32_2.0.0.202105311346/tools/bin/../lib/gcc/arm-none-eabi/9.3.1/../../../../arm-none-eabi/lib/thumb/v7-m/nofp/crt0.o
LOAD ./Core/Src/initial.o
LOAD ./Core/Src/input_processing.o
LOAD ./Core/Src/input_reading.o
LOAD ./Core/Src/led_display.o
LOAD ./Core/Src/main.o
LOAD ./Core/Src/stm32f1xx_hal_msp.o
LOAD ./Core/Src/stm32f1xx_it.o
LOAD ./Core/Src/syscalls.o
LOAD ./Core/Src/sysmem.o
LOAD ./Core/Src/system_stm32f1xx.o
LOAD ./Core/Src/timer.o
LOAD ./Core/Startup/startup_stm32f103c6ux.o
LOAD ./Drivers/STM32F1xx_HAL_Driver/Src/stm32f1xx_hal.o
LOAD ./Drivers/STM32F1xx_HAL_Driver/Src/stm32f1xx_hal_cortex.o
LOAD ./Drivers/STM32F1xx_HAL_Driver/Src/stm32f1xx_hal_dma.o
LOAD ./Drivers/STM32F1xx_HAL_Driver/Src/stm32f1xx_hal_exti.o
LOAD ./Drivers/STM32F1xx_HAL_Driver/Src/stm32f1xx_hal_flash.o
LOAD ./Drivers/STM32F1xx_HAL_Driver/Src/stm32f1xx_hal_flash_ex.o
LOAD ./Drivers/STM32F1xx_HAL_Driver/Src/stm32f1xx_hal_gpio.o
LOAD ./Drivers/STM32F1xx_HAL_Driver/Src/stm32f1xx_hal_gpio_ex.o
LOAD ./Drivers/STM32F1xx_HAL_Driver/Src/stm32f1xx_hal_pwr.o
LOAD ./Drivers/STM32F1xx_HAL_Driver/Src/stm32f1xx_hal_rcc.o
LOAD ./Drivers/STM32F1xx_HAL_Driver/Src/stm32f1xx_hal_rcc_ex.o
LOAD ./Drivers/STM32F1xx_HAL_Driver/Src/stm32f1xx_hal_tim.o
LOAD ./Drivers/STM32F1xx_HAL_Driver/Src/stm32f1xx_hal_tim_ex.o
START GROUP
LOAD c:/users/84869/onedrive/desktop/work/1.vxl/stm32cubeide_1.7.0/stm32cubeide/plugins/com.st.stm32cube.ide.mcu.externaltools.gnu-tools-for-stm32.9-2020-q2-update.win32_2.0.0.202105311346/tools/bin/../lib/gcc/arm-none-eabi/9.3.1/../../../../arm-none-eabi/lib/thumb/v7-m/nofp\libc_nano.a
LOAD c:/users/84869/onedrive/desktop/work/1.vxl/stm32cubeide_1.7.0/stm32cubeide/plugins/com.st.stm32cube.ide.mcu.externaltools.gnu-tools-for-stm32.9-2020-q2-update.win32_2.0.0.202105311346/tools/bin/../lib/gcc/arm-none-eabi/9.3.1/../../../../arm-none-eabi/lib/thumb/v7-m/nofp\libm.a
END GROUP
START GROUP
LOAD c:/users/84869/onedrive/desktop/work/1.vxl/stm32cubeide_1.7.0/stm32cubeide/plugins/com.st.stm32cube.ide.mcu.externaltools.gnu-tools-for-stm32.9-2020-q2-update.win32_2.0.0.202105311346/tools/bin/../lib/gcc/arm-none-eabi/9.3.1/thumb/v7-m/nofp\libgcc.a
LOAD c:/users/84869/onedrive/desktop/work/1.vxl/stm32cubeide_1.7.0/stm32cubeide/plugins/com.st.stm32cube.ide.mcu.externaltools.gnu-tools-for-stm32.9-2020-q2-update.win32_2.0.0.202105311346/tools/bin/../lib/gcc/arm-none-eabi/9.3.1/../../../../arm-none-eabi/lib/thumb/v7-m/nofp\libc_nano.a
END GROUP
START GROUP
LOAD c:/users/84869/onedrive/desktop/work/1.vxl/stm32cubeide_1.7.0/stm32cubeide/plugins/com.st.stm32cube.ide.mcu.externaltools.gnu-tools-for-stm32.9-2020-q2-update.win32_2.0.0.202105311346/tools/bin/../lib/gcc/arm-none-eabi/9.3.1/thumb/v7-m/nofp\libgcc.a
LOAD c:/users/84869/onedrive/desktop/work/1.vxl/stm32cubeide_1.7.0/stm32cubeide/plugins/com.st.stm32cube.ide.mcu.externaltools.gnu-tools-for-stm32.9-2020-q2-update.win32_2.0.0.202105311346/tools/bin/../lib/gcc/arm-none-eabi/9.3.1/../../../../arm-none-eabi/lib/thumb/v7-m/nofp\libc_nano.a
LOAD c:/users/84869/onedrive/desktop/work/1.vxl/stm32cubeide_1.7.0/stm32cubeide/plugins/com.st.stm32cube.ide.mcu.externaltools.gnu-tools-for-stm32.9-2020-q2-update.win32_2.0.0.202105311346/tools/bin/../lib/gcc/arm-none-eabi/9.3.1/../../../../arm-none-eabi/lib/thumb/v7-m/nofp\libnosys.a
END GROUP
START GROUP
LOAD c:/users/84869/onedrive/desktop/work/1.vxl/stm32cubeide_1.7.0/stm32cubeide/plugins/com.st.stm32cube.ide.mcu.externaltools.gnu-tools-for-stm32.9-2020-q2-update.win32_2.0.0.202105311346/tools/bin/../lib/gcc/arm-none-eabi/9.3.1/thumb/v7-m/nofp\libgcc.a
LOAD c:/users/84869/onedrive/desktop/work/1.vxl/stm32cubeide_1.7.0/stm32cubeide/plugins/com.st.stm32cube.ide.mcu.externaltools.gnu-tools-for-stm32.9-2020-q2-update.win32_2.0.0.202105311346/tools/bin/../lib/gcc/arm-none-eabi/9.3.1/../../../../arm-none-eabi/lib/thumb/v7-m/nofp\libc_nano.a
LOAD c:/users/84869/onedrive/desktop/work/1.vxl/stm32cubeide_1.7.0/stm32cubeide/plugins/com.st.stm32cube.ide.mcu.externaltools.gnu-tools-for-stm32.9-2020-q2-update.win32_2.0.0.202105311346/tools/bin/../lib/gcc/arm-none-eabi/9.3.1/../../../../arm-none-eabi/lib/thumb/v7-m/nofp\libnosys.a
END GROUP
LOAD c:/users/84869/onedrive/desktop/work/1.vxl/stm32cubeide_1.7.0/stm32cubeide/plugins/com.st.stm32cube.ide.mcu.externaltools.gnu-tools-for-stm32.9-2020-q2-update.win32_2.0.0.202105311346/tools/bin/../lib/gcc/arm-none-eabi/9.3.1/thumb/v7-m/nofp/crtend.o
LOAD c:/users/84869/onedrive/desktop/work/1.vxl/stm32cubeide_1.7.0/stm32cubeide/plugins/com.st.stm32cube.ide.mcu.externaltools.gnu-tools-for-stm32.9-2020-q2-update.win32_2.0.0.202105311346/tools/bin/../lib/gcc/arm-none-eabi/9.3.1/thumb/v7-m/nofp/crtn.o
                0x0000000020002800                _estack = (ORIGIN (RAM) + LENGTH (RAM))
                0x0000000000000200                _Min_Heap_Size = 0x200
                0x0000000000000400                _Min_Stack_Size = 0x400

.isr_vector     0x0000000008000000      0x10c
                0x0000000008000000                . = ALIGN (0x4)
 *(.isr_vector)
 .isr_vector    0x0000000008000000      0x10c ./Core/Startup/startup_stm32f103c6ux.o
                0x0000000008000000                g_pfnVectors
                0x000000000800010c                . = ALIGN (0x4)

.text           0x000000000800010c     0x2c50
                0x000000000800010c                . = ALIGN (0x4)
 *(.text)
 .text          0x000000000800010c       0x40 c:/users/84869/onedrive/desktop/work/1.vxl/stm32cubeide_1.7.0/stm32cubeide/plugins/com.st.stm32cube.ide.mcu.externaltools.gnu-tools-for-stm32.9-2020-q2-update.win32_2.0.0.202105311346/tools/bin/../lib/gcc/arm-none-eabi/9.3.1/thumb/v7-m/nofp/crtbegin.o
 *(.text*)
 .text.LedInitial
                0x000000000800014c       0x50 ./Core/Src/initial.o
                0x000000000800014c                LedInitial
 .text.fsm_for_input_processing
                0x000000000800019c       0x68 ./Core/Src/input_processing.o
                0x000000000800019c                fsm_for_input_processing
 .text.IncreaseManualValue
                0x0000000008000204       0x90 ./Core/Src/input_processing.o
                0x0000000008000204                IncreaseManualValue
 .text.setDurationValue
                0x0000000008000294       0xd4 ./Core/Src/input_processing.o
                0x0000000008000294                setDurationValue
 .text.UpdateDurationValue
                0x0000000008000368       0xdc ./Core/Src/input_processing.o
                0x0000000008000368                UpdateDurationValue
 .text.init_buffer
                0x0000000008000444       0x94 ./Core/Src/input_reading.o
                0x0000000008000444                init_buffer
 .text.button_reading
                0x00000000080004d8      0x168 ./Core/Src/input_reading.o
                0x00000000080004d8                button_reading
 .text.is_button_pressed
                0x0000000008000640       0x34 ./Core/Src/input_reading.o
                0x0000000008000640                is_button_pressed
 .text.is_button_pressed_1s
                0x0000000008000674       0x34 ./Core/Src/input_reading.o
                0x0000000008000674                is_button_pressed_1s
 .text.is_button_held
                0x00000000080006a8       0x34 ./Core/Src/input_reading.o
                0x00000000080006a8                is_button_held
 .text.resetHoldingFlag
                0x00000000080006dc       0x20 ./Core/Src/input_reading.o
                0x00000000080006dc                resetHoldingFlag
 .text.display7SEG
                0x00000000080006fc      0x364 ./Core/Src/led_display.o
 .text.resetToInitial
                0x0000000008000a60       0x40 ./Core/Src/led_display.o
                0x0000000008000a60                resetToInitial
 .text.NormalMode
                0x0000000008000aa0      0x2d4 ./Core/Src/led_display.o
                0x0000000008000aa0                NormalMode
 .text.get7SEG1Value
                0x0000000008000d74       0x5c ./Core/Src/led_display.o
                0x0000000008000d74                get7SEG1Value
 .text.get7SEG2Value
                0x0000000008000dd0       0x5c ./Core/Src/led_display.o
                0x0000000008000dd0                get7SEG2Value
 .text.LEDScanning
                0x0000000008000e2c      0x210 ./Core/Src/led_display.o
                0x0000000008000e2c                LEDScanning
 .text.LedDispMode
                0x000000000800103c      0x164 ./Core/Src/led_display.o
                0x000000000800103c                LedDispMode
 .text.main     0x00000000080011a0       0x7c ./Core/Src/main.o
                0x00000000080011a0                main
 .text.SystemClock_Config
                0x000000000800121c       0x76 ./Core/Src/main.o
                0x000000000800121c                SystemClock_Config
 *fill*         0x0000000008001292        0x2 
 .text.MX_TIM2_Init
                0x0000000008001294       0x98 ./Core/Src/main.o
 .text.MX_GPIO_Init
                0x000000000800132c       0xc4 ./Core/Src/main.o
 .text.Error_Handler
                0x00000000080013f0        0xa ./Core/Src/main.o
                0x00000000080013f0                Error_Handler
 *fill*         0x00000000080013fa        0x2 
 .text.HAL_MspInit
                0x00000000080013fc       0x64 ./Core/Src/stm32f1xx_hal_msp.o
                0x00000000080013fc                HAL_MspInit
 .text.HAL_TIM_Base_MspInit
                0x0000000008001460       0x48 ./Core/Src/stm32f1xx_hal_msp.o
                0x0000000008001460                HAL_TIM_Base_MspInit
 .text.NMI_Handler
                0x00000000080014a8        0x6 ./Core/Src/stm32f1xx_it.o
                0x00000000080014a8                NMI_Handler
 .text.HardFault_Handler
                0x00000000080014ae        0x6 ./Core/Src/stm32f1xx_it.o
                0x00000000080014ae                HardFault_Handler
 .text.MemManage_Handler
                0x00000000080014b4        0x6 ./Core/Src/stm32f1xx_it.o
                0x00000000080014b4                MemManage_Handler
 .text.BusFault_Handler
                0x00000000080014ba        0x6 ./Core/Src/stm32f1xx_it.o
                0x00000000080014ba                BusFault_Handler
 .text.UsageFault_Handler
                0x00000000080014c0        0x6 ./Core/Src/stm32f1xx_it.o
                0x00000000080014c0                UsageFault_Handler
 .text.SVC_Handler
                0x00000000080014c6        0xc ./Core/Src/stm32f1xx_it.o
                0x00000000080014c6                SVC_Handler
 .text.DebugMon_Handler
                0x00000000080014d2        0xc ./Core/Src/stm32f1xx_it.o
                0x00000000080014d2                DebugMon_Handler
 .text.PendSV_Handler
                0x00000000080014de        0xc ./Core/Src/stm32f1xx_it.o
                0x00000000080014de                PendSV_Handler
 .text.SysTick_Handler
                0x00000000080014ea        0xc ./Core/Src/stm32f1xx_it.o
                0x00000000080014ea                SysTick_Handler
 *fill*         0x00000000080014f6        0x2 
 .text.TIM2_IRQHandler
                0x00000000080014f8       0x14 ./Core/Src/stm32f1xx_it.o
                0x00000000080014f8                TIM2_IRQHandler
 .text.SystemInit
                0x000000000800150c        0xc ./Core/Src/system_stm32f1xx.o
                0x000000000800150c                SystemInit
 .text.setTimer0
                0x0000000008001518       0x38 ./Core/Src/timer.o
                0x0000000008001518                setTimer0
 .text.setTimer1
                0x0000000008001550       0x38 ./Core/Src/timer.o
                0x0000000008001550                setTimer1
 .text.setTimer2
                0x0000000008001588       0x38 ./Core/Src/timer.o
                0x0000000008001588                setTimer2
 .text.timer_run
                0x00000000080015c0       0x84 ./Core/Src/timer.o
                0x00000000080015c0                timer_run
 .text.get_timer0_flag
                0x0000000008001644       0x14 ./Core/Src/timer.o
                0x0000000008001644                get_timer0_flag
 .text.get_timer1_flag
                0x0000000008001658       0x14 ./Core/Src/timer.o
                0x0000000008001658                get_timer1_flag
 .text.get_timer2_flag
                0x000000000800166c       0x14 ./Core/Src/timer.o
                0x000000000800166c                get_timer2_flag
 .text.HAL_TIM_PeriodElapsedCallback
                0x0000000008001680       0x22 ./Core/Src/timer.o
                0x0000000008001680                HAL_TIM_PeriodElapsedCallback
 *fill*         0x00000000080016a2        0x2 
 .text.Reset_Handler
                0x00000000080016a4       0x48 ./Core/Startup/startup_stm32f103c6ux.o
                0x00000000080016a4                Reset_Handler
 .text.Default_Handler
                0x00000000080016ec        0x2 ./Core/Startup/startup_stm32f103c6ux.o
                0x00000000080016ec                RTC_Alarm_IRQHandler
                0x00000000080016ec                EXTI2_IRQHandler
                0x00000000080016ec                TIM1_CC_IRQHandler
                0x00000000080016ec                PVD_IRQHandler
                0x00000000080016ec                EXTI3_IRQHandler
                0x00000000080016ec                EXTI0_IRQHandler
                0x00000000080016ec                ADC1_2_IRQHandler
                0x00000000080016ec                SPI1_IRQHandler
                0x00000000080016ec                TAMPER_IRQHandler
                0x00000000080016ec                DMA1_Channel4_IRQHandler
                0x00000000080016ec                RTC_IRQHandler
                0x00000000080016ec                DMA1_Channel7_IRQHandler
                0x00000000080016ec                CAN1_RX1_IRQHandler
                0x00000000080016ec                I2C1_EV_IRQHandler
                0x00000000080016ec                DMA1_Channel6_IRQHandler
                0x00000000080016ec                TIM3_IRQHandler
                0x00000000080016ec                RCC_IRQHandler
                0x00000000080016ec                TIM1_TRG_COM_IRQHandler
                0x00000000080016ec                DMA1_Channel1_IRQHandler
                0x00000000080016ec                Default_Handler
                0x00000000080016ec                EXTI15_10_IRQHandler
                0x00000000080016ec                EXTI9_5_IRQHandler
                0x00000000080016ec                DMA1_Channel5_IRQHandler
                0x00000000080016ec                EXTI4_IRQHandler
                0x00000000080016ec                USB_LP_CAN1_RX0_IRQHandler
                0x00000000080016ec                USB_HP_CAN1_TX_IRQHandler
                0x00000000080016ec                DMA1_Channel3_IRQHandler
                0x00000000080016ec                TIM1_UP_IRQHandler
                0x00000000080016ec                WWDG_IRQHandler
                0x00000000080016ec                TIM1_BRK_IRQHandler
                0x00000000080016ec                EXTI1_IRQHandler
                0x00000000080016ec                USART2_IRQHandler
                0x00000000080016ec                DMA1_Channel2_IRQHandler
                0x00000000080016ec                CAN1_SCE_IRQHandler
                0x00000000080016ec                FLASH_IRQHandler
                0x00000000080016ec                USART1_IRQHandler
                0x00000000080016ec                I2C1_ER_IRQHandler
                0x00000000080016ec                USBWakeUp_IRQHandler
 *fill*         0x00000000080016ee        0x2 
 .text.HAL_Init
                0x00000000080016f0       0x2c ./Drivers/STM32F1xx_HAL_Driver/Src/stm32f1xx_hal.o
                0x00000000080016f0                HAL_Init
 .text.HAL_InitTick
                0x000000000800171c       0x60 ./Drivers/STM32F1xx_HAL_Driver/Src/stm32f1xx_hal.o
                0x000000000800171c                HAL_InitTick
 .text.HAL_IncTick
                0x000000000800177c       0x24 ./Drivers/STM32F1xx_HAL_Driver/Src/stm32f1xx_hal.o
                0x000000000800177c                HAL_IncTick
 .text.HAL_GetTick
                0x00000000080017a0       0x14 ./Drivers/STM32F1xx_HAL_Driver/Src/stm32f1xx_hal.o
                0x00000000080017a0                HAL_GetTick
 .text.__NVIC_SetPriorityGrouping
                0x00000000080017b4       0x48 ./Drivers/STM32F1xx_HAL_Driver/Src/stm32f1xx_hal_cortex.o
 .text.__NVIC_GetPriorityGrouping
                0x00000000080017fc       0x1c ./Drivers/STM32F1xx_HAL_Driver/Src/stm32f1xx_hal_cortex.o
 .text.__NVIC_EnableIRQ
                0x0000000008001818       0x38 ./Drivers/STM32F1xx_HAL_Driver/Src/stm32f1xx_hal_cortex.o
 .text.__NVIC_SetPriority
                0x0000000008001850       0x54 ./Drivers/STM32F1xx_HAL_Driver/Src/stm32f1xx_hal_cortex.o
 .text.NVIC_EncodePriority
                0x00000000080018a4       0x64 ./Drivers/STM32F1xx_HAL_Driver/Src/stm32f1xx_hal_cortex.o
 .text.SysTick_Config
                0x0000000008001908       0x44 ./Drivers/STM32F1xx_HAL_Driver/Src/stm32f1xx_hal_cortex.o
 .text.HAL_NVIC_SetPriorityGrouping
                0x000000000800194c       0x16 ./Drivers/STM32F1xx_HAL_Driver/Src/stm32f1xx_hal_cortex.o
                0x000000000800194c                HAL_NVIC_SetPriorityGrouping
 .text.HAL_NVIC_SetPriority
                0x0000000008001962       0x38 ./Drivers/STM32F1xx_HAL_Driver/Src/stm32f1xx_hal_cortex.o
                0x0000000008001962                HAL_NVIC_SetPriority
 .text.HAL_NVIC_EnableIRQ
                0x000000000800199a       0x1c ./Drivers/STM32F1xx_HAL_Driver/Src/stm32f1xx_hal_cortex.o
                0x000000000800199a                HAL_NVIC_EnableIRQ
 .text.HAL_SYSTICK_Config
                0x00000000080019b6       0x18 ./Drivers/STM32F1xx_HAL_Driver/Src/stm32f1xx_hal_cortex.o
                0x00000000080019b6                HAL_SYSTICK_Config
 *fill*         0x00000000080019ce        0x2 
 .text.HAL_GPIO_Init
                0x00000000080019d0      0x2f4 ./Drivers/STM32F1xx_HAL_Driver/Src/stm32f1xx_hal_gpio.o
                0x00000000080019d0                HAL_GPIO_Init
 .text.HAL_GPIO_ReadPin
                0x0000000008001cc4       0x2e ./Drivers/STM32F1xx_HAL_Driver/Src/stm32f1xx_hal_gpio.o
                0x0000000008001cc4                HAL_GPIO_ReadPin
 .text.HAL_GPIO_WritePin
                0x0000000008001cf2       0x30 ./Drivers/STM32F1xx_HAL_Driver/Src/stm32f1xx_hal_gpio.o
                0x0000000008001cf2                HAL_GPIO_WritePin
 .text.HAL_GPIO_TogglePin
                0x0000000008001d22       0x32 ./Drivers/STM32F1xx_HAL_Driver/Src/stm32f1xx_hal_gpio.o
                0x0000000008001d22                HAL_GPIO_TogglePin
 .text.HAL_RCC_OscConfig
                0x0000000008001d54      0x500 ./Drivers/STM32F1xx_HAL_Driver/Src/stm32f1xx_hal_rcc.o
                0x0000000008001d54                HAL_RCC_OscConfig
 .text.HAL_RCC_ClockConfig
                0x0000000008002254      0x1d4 ./Drivers/STM32F1xx_HAL_Driver/Src/stm32f1xx_hal_rcc.o
                0x0000000008002254                HAL_RCC_ClockConfig
 .text.HAL_RCC_GetSysClockFreq
                0x0000000008002428       0xc0 ./Drivers/STM32F1xx_HAL_Driver/Src/stm32f1xx_hal_rcc.o
                0x0000000008002428                HAL_RCC_GetSysClockFreq
 .text.RCC_Delay
                0x00000000080024e8       0x3c ./Drivers/STM32F1xx_HAL_Driver/Src/stm32f1xx_hal_rcc.o
 .text.HAL_TIM_Base_Init
                0x0000000008002524       0x9e ./Drivers/STM32F1xx_HAL_Driver/Src/stm32f1xx_hal_tim.o
                0x0000000008002524                HAL_TIM_Base_Init
 *fill*         0x00000000080025c2        0x2 
 .text.HAL_TIM_Base_Start_IT
                0x00000000080025c4       0x98 ./Drivers/STM32F1xx_HAL_Driver/Src/stm32f1xx_hal_tim.o
                0x00000000080025c4                HAL_TIM_Base_Start_IT
 .text.HAL_TIM_IRQHandler
                0x000000000800265c      0x210 ./Drivers/STM32F1xx_HAL_Driver/Src/stm32f1xx_hal_tim.o
                0x000000000800265c                HAL_TIM_IRQHandler
 .text.HAL_TIM_ConfigClockSource
                0x000000000800286c      0x188 ./Drivers/STM32F1xx_HAL_Driver/Src/stm32f1xx_hal_tim.o
                0x000000000800286c                HAL_TIM_ConfigClockSource
 .text.HAL_TIM_OC_DelayElapsedCallback
                0x00000000080029f4       0x12 ./Drivers/STM32F1xx_HAL_Driver/Src/stm32f1xx_hal_tim.o
                0x00000000080029f4                HAL_TIM_OC_DelayElapsedCallback
 .text.HAL_TIM_IC_CaptureCallback
                0x0000000008002a06       0x12 ./Drivers/STM32F1xx_HAL_Driver/Src/stm32f1xx_hal_tim.o
                0x0000000008002a06                HAL_TIM_IC_CaptureCallback
 .text.HAL_TIM_PWM_PulseFinishedCallback
                0x0000000008002a18       0x12 ./Drivers/STM32F1xx_HAL_Driver/Src/stm32f1xx_hal_tim.o
                0x0000000008002a18                HAL_TIM_PWM_PulseFinishedCallback
 .text.HAL_TIM_TriggerCallback
                0x0000000008002a2a       0x12 ./Drivers/STM32F1xx_HAL_Driver/Src/stm32f1xx_hal_tim.o
                0x0000000008002a2a                HAL_TIM_TriggerCallback
 .text.TIM_Base_SetConfig
                0x0000000008002a3c       0xb0 ./Drivers/STM32F1xx_HAL_Driver/Src/stm32f1xx_hal_tim.o
                0x0000000008002a3c                TIM_Base_SetConfig
 .text.TIM_TI1_ConfigInputStage
                0x0000000008002aec       0x5c ./Drivers/STM32F1xx_HAL_Driver/Src/stm32f1xx_hal_tim.o
 .text.TIM_TI2_ConfigInputStage
                0x0000000008002b48       0x5e ./Drivers/STM32F1xx_HAL_Driver/Src/stm32f1xx_hal_tim.o
 .text.TIM_ITRx_SetConfig
                0x0000000008002ba6       0x34 ./Drivers/STM32F1xx_HAL_Driver/Src/stm32f1xx_hal_tim.o
 .text.TIM_ETR_SetConfig
                0x0000000008002bda       0x3e ./Drivers/STM32F1xx_HAL_Driver/Src/stm32f1xx_hal_tim.o
                0x0000000008002bda                TIM_ETR_SetConfig
 .text.HAL_TIMEx_MasterConfigSynchronization
                0x0000000008002c18       0xb0 ./Drivers/STM32F1xx_HAL_Driver/Src/stm32f1xx_hal_tim_ex.o
                0x0000000008002c18                HAL_TIMEx_MasterConfigSynchronization
 .text.HAL_TIMEx_CommutCallback
                0x0000000008002cc8       0x12 ./Drivers/STM32F1xx_HAL_Driver/Src/stm32f1xx_hal_tim_ex.o
                0x0000000008002cc8                HAL_TIMEx_CommutCallback
 .text.HAL_TIMEx_BreakCallback
                0x0000000008002cda       0x12 ./Drivers/STM32F1xx_HAL_Driver/Src/stm32f1xx_hal_tim_ex.o
                0x0000000008002cda                HAL_TIMEx_BreakCallback
 .text.__libc_init_array
                0x0000000008002cec       0x48 c:/users/84869/onedrive/desktop/work/1.vxl/stm32cubeide_1.7.0/stm32cubeide/plugins/com.st.stm32cube.ide.mcu.externaltools.gnu-tools-for-stm32.9-2020-q2-update.win32_2.0.0.202105311346/tools/bin/../lib/gcc/arm-none-eabi/9.3.1/../../../../arm-none-eabi/lib/thumb/v7-m/nofp\libc_nano.a(lib_a-init.o)
                0x0000000008002cec                __libc_init_array
 .text.memset   0x0000000008002d34       0x10 c:/users/84869/onedrive/desktop/work/1.vxl/stm32cubeide_1.7.0/stm32cubeide/plugins/com.st.stm32cube.ide.mcu.externaltools.gnu-tools-for-stm32.9-2020-q2-update.win32_2.0.0.202105311346/tools/bin/../lib/gcc/arm-none-eabi/9.3.1/../../../../arm-none-eabi/lib/thumb/v7-m/nofp\libc_nano.a(lib_a-memset.o)
                0x0000000008002d34                memset
 *(.glue_7)
 .glue_7        0x0000000008002d44        0x0 linker stubs
 *(.glue_7t)
 .glue_7t       0x0000000008002d44        0x0 linker stubs
 *(.eh_frame)
 .eh_frame      0x0000000008002d44        0x0 c:/users/84869/onedrive/desktop/work/1.vxl/stm32cubeide_1.7.0/stm32cubeide/plugins/com.st.stm32cube.ide.mcu.externaltools.gnu-tools-for-stm32.9-2020-q2-update.win32_2.0.0.202105311346/tools/bin/../lib/gcc/arm-none-eabi/9.3.1/thumb/v7-m/nofp/crtbegin.o
 *(.init)
 .init          0x0000000008002d44        0x4 c:/users/84869/onedrive/desktop/work/1.vxl/stm32cubeide_1.7.0/stm32cubeide/plugins/com.st.stm32cube.ide.mcu.externaltools.gnu-tools-for-stm32.9-2020-q2-update.win32_2.0.0.202105311346/tools/bin/../lib/gcc/arm-none-eabi/9.3.1/thumb/v7-m/nofp/crti.o
                0x0000000008002d44                _init
 .init          0x0000000008002d48        0x8 c:/users/84869/onedrive/desktop/work/1.vxl/stm32cubeide_1.7.0/stm32cubeide/plugins/com.st.stm32cube.ide.mcu.externaltools.gnu-tools-for-stm32.9-2020-q2-update.win32_2.0.0.202105311346/tools/bin/../lib/gcc/arm-none-eabi/9.3.1/thumb/v7-m/nofp/crtn.o
 *(.fini)
 .fini          0x0000000008002d50        0x4 c:/users/84869/onedrive/desktop/work/1.vxl/stm32cubeide_1.7.0/stm32cubeide/plugins/com.st.stm32cube.ide.mcu.externaltools.gnu-tools-for-stm32.9-2020-q2-update.win32_2.0.0.202105311346/tools/bin/../lib/gcc/arm-none-eabi/9.3.1/thumb/v7-m/nofp/crti.o
                0x0000000008002d50                _fini
 .fini          0x0000000008002d54        0x8 c:/users/84869/onedrive/desktop/work/1.vxl/stm32cubeide_1.7.0/stm32cubeide/plugins/com.st.stm32cube.ide.mcu.externaltools.gnu-tools-for-stm32.9-2020-q2-update.win32_2.0.0.202105311346/tools/bin/../lib/gcc/arm-none-eabi/9.3.1/thumb/v7-m/nofp/crtn.o
                0x0000000008002d5c                . = ALIGN (0x4)
                0x0000000008002d5c                _etext = .

.vfp11_veneer   0x0000000008002d5c        0x0
 .vfp11_veneer  0x0000000008002d5c        0x0 linker stubs

.v4_bx          0x0000000008002d5c        0x0
 .v4_bx         0x0000000008002d5c        0x0 linker stubs

.iplt           0x0000000008002d5c        0x0
 .iplt          0x0000000008002d5c        0x0 c:/users/84869/onedrive/desktop/work/1.vxl/stm32cubeide_1.7.0/stm32cubeide/plugins/com.st.stm32cube.ide.mcu.externaltools.gnu-tools-for-stm32.9-2020-q2-update.win32_2.0.0.202105311346/tools/bin/../lib/gcc/arm-none-eabi/9.3.1/thumb/v7-m/nofp/crtbegin.o

.rodata         0x0000000008002d5c       0x20
                0x0000000008002d5c                . = ALIGN (0x4)
 *(.rodata)
 .rodata        0x0000000008002d5c       0x10 ./Drivers/STM32F1xx_HAL_Driver/Src/stm32f1xx_hal_rcc.o
 *(.rodata*)
 .rodata.AHBPrescTable
                0x0000000008002d6c       0x10 ./Core/Src/system_stm32f1xx.o
                0x0000000008002d6c                AHBPrescTable
                0x0000000008002d7c                . = ALIGN (0x4)

.rel.dyn        0x0000000008002d7c        0x0
 .rel.iplt      0x0000000008002d7c        0x0 c:/users/84869/onedrive/desktop/work/1.vxl/stm32cubeide_1.7.0/stm32cubeide/plugins/com.st.stm32cube.ide.mcu.externaltools.gnu-tools-for-stm32.9-2020-q2-update.win32_2.0.0.202105311346/tools/bin/../lib/gcc/arm-none-eabi/9.3.1/thumb/v7-m/nofp/crtbegin.o

.ARM.extab      0x0000000008002d7c        0x0
                0x0000000008002d7c                . = ALIGN (0x4)
 *(.ARM.extab* .gnu.linkonce.armextab.*)
                0x0000000008002d7c                . = ALIGN (0x4)

.ARM            0x0000000008002d7c        0x0
                0x0000000008002d7c                . = ALIGN (0x4)
                0x0000000008002d7c                __exidx_start = .
 *(.ARM.exidx*)
                0x0000000008002d7c                __exidx_end = .
                0x0000000008002d7c                . = ALIGN (0x4)

.preinit_array  0x0000000008002d7c        0x0
                0x0000000008002d7c                . = ALIGN (0x4)
                0x0000000008002d7c                PROVIDE (__preinit_array_start = .)
 *(.preinit_array*)
                0x0000000008002d7c                PROVIDE (__preinit_array_end = .)
                0x0000000008002d7c                . = ALIGN (0x4)

.init_array     0x0000000008002d7c        0x4
                0x0000000008002d7c                . = ALIGN (0x4)
                0x0000000008002d7c                PROVIDE (__init_array_start = .)
 *(SORT_BY_NAME(.init_array.*))
 *(.init_array*)
 .init_array    0x0000000008002d7c        0x4 c:/users/84869/onedrive/desktop/work/1.vxl/stm32cubeide_1.7.0/stm32cubeide/plugins/com.st.stm32cube.ide.mcu.externaltools.gnu-tools-for-stm32.9-2020-q2-update.win32_2.0.0.202105311346/tools/bin/../lib/gcc/arm-none-eabi/9.3.1/thumb/v7-m/nofp/crtbegin.o
                0x0000000008002d80                PROVIDE (__init_array_end = .)
                0x0000000008002d80                . = ALIGN (0x4)

.fini_array     0x0000000008002d80        0x4
                0x0000000008002d80                . = ALIGN (0x4)
                [!provide]                        PROVIDE (__fini_array_start = .)
 *(SORT_BY_NAME(.fini_array.*))
 *(.fini_array*)
 .fini_array    0x0000000008002d80        0x4 c:/users/84869/onedrive/desktop/work/1.vxl/stm32cubeide_1.7.0/stm32cubeide/plugins/com.st.stm32cube.ide.mcu.externaltools.gnu-tools-for-stm32.9-2020-q2-update.win32_2.0.0.202105311346/tools/bin/../lib/gcc/arm-none-eabi/9.3.1/thumb/v7-m/nofp/crtbegin.o
                [!provide]                        PROVIDE (__fini_array_end = .)
                0x0000000008002d84                . = ALIGN (0x4)
                0x0000000008002d84                _sidata = LOADADDR (.data)

.data           0x0000000020000000       0x1c load address 0x0000000008002d84
                0x0000000020000000                . = ALIGN (0x4)
                0x0000000020000000                _sdata = .
 *(.data)
 *(.data*)
 .data.mode     0x0000000020000000        0x4 ./Core/Src/initial.o
                0x0000000020000000                mode
 .data.count1   0x0000000020000004        0x4 ./Core/Src/led_display.o
                0x0000000020000004                count1
 .data.count2   0x0000000020000008        0x4 ./Core/Src/led_display.o
                0x0000000020000008                count2
 .data.state2   0x000000002000000c        0x1 ./Core/Src/led_display.o
                0x000000002000000c                state2
 *fill*         0x000000002000000d        0x3 
 .data.SystemCoreClock
                0x0000000020000010        0x4 ./Core/Src/system_stm32f1xx.o
                0x0000000020000010                SystemCoreClock
 .data.uwTickPrio
                0x0000000020000014        0x4 ./Drivers/STM32F1xx_HAL_Driver/Src/stm32f1xx_hal.o
                0x0000000020000014                uwTickPrio
 .data.uwTickFreq
                0x0000000020000018        0x1 ./Drivers/STM32F1xx_HAL_Driver/Src/stm32f1xx_hal.o
                0x0000000020000018                uwTickFreq
 *(.RamFunc)
 *(.RamFunc*)
                0x000000002000001c                . = ALIGN (0x4)
 *fill*         0x0000000020000019        0x3 
                0x000000002000001c                _edata = .

.igot.plt       0x000000002000001c        0x0 load address 0x0000000008002da0
 .igot.plt      0x000000002000001c        0x0 c:/users/84869/onedrive/desktop/work/1.vxl/stm32cubeide_1.7.0/stm32cubeide/plugins/com.st.stm32cube.ide.mcu.externaltools.gnu-tools-for-stm32.9-2020-q2-update.win32_2.0.0.202105311346/tools/bin/../lib/gcc/arm-none-eabi/9.3.1/thumb/v7-m/nofp/crtbegin.o
                0x000000002000001c                . = ALIGN (0x4)

.bss            0x000000002000001c       0xc8 load address 0x0000000008002da0
                0x000000002000001c                _sbss = .
                0x000000002000001c                __bss_start__ = _sbss
 *(.bss)
 .bss           0x000000002000001c       0x1c c:/users/84869/onedrive/desktop/work/1.vxl/stm32cubeide_1.7.0/stm32cubeide/plugins/com.st.stm32cube.ide.mcu.externaltools.gnu-tools-for-stm32.9-2020-q2-update.win32_2.0.0.202105311346/tools/bin/../lib/gcc/arm-none-eabi/9.3.1/thumb/v7-m/nofp/crtbegin.o
 *(.bss*)
 .bss.buttonState
                0x0000000020000038        0x3 ./Core/Src/input_processing.o
                0x0000000020000038                buttonState
 *fill*         0x000000002000003b        0x1 
 .bss.buttonBuffer
                0x000000002000003c        0x3 ./Core/Src/input_reading.o
 *fill*         0x000000002000003f        0x1 
 .bss.debounceButtonBuffer1
                0x0000000020000040        0x3 ./Core/Src/input_reading.o
 *fill*         0x0000000020000043        0x1 
 .bss.debounceButtonBuffer2
                0x0000000020000044        0x3 ./Core/Src/input_reading.o
 *fill*         0x0000000020000047        0x1 
 .bss.debounceButtonBuffer3
                0x0000000020000048        0x3 ./Core/Src/input_reading.o
 *fill*         0x000000002000004b        0x1 
 .bss.flagForButtonPress1s
                0x000000002000004c        0x3 ./Core/Src/input_reading.o
 *fill*         0x000000002000004f        0x1 
 .bss.counterForButtonPress1s
                0x0000000020000050        0x6 ./Core/Src/input_reading.o
 *fill*         0x0000000020000056        0x2 
 .bss.flagForButtonHold
                0x0000000020000058        0x3 ./Core/Src/input_reading.o
 *fill*         0x000000002000005b        0x1 
 .bss.counterForButtonHold
                0x000000002000005c        0x6 ./Core/Src/input_reading.o
 .bss.state1    0x0000000020000062        0x1 ./Core/Src/led_display.o
                0x0000000020000062                state1
 *fill*         0x0000000020000063        0x1 
 .bss.scan_index.6035
                0x0000000020000064        0x4 ./Core/Src/led_display.o
 .bss.timer0_counter
                0x0000000020000068        0x4 ./Core/Src/timer.o
                0x0000000020000068                timer0_counter
 .bss.timer0_flag
                0x000000002000006c        0x4 ./Core/Src/timer.o
                0x000000002000006c                timer0_flag
 .bss.timer1_counter
                0x0000000020000070        0x4 ./Core/Src/timer.o
                0x0000000020000070                timer1_counter
 .bss.timer1_flag
                0x0000000020000074        0x4 ./Core/Src/timer.o
                0x0000000020000074                timer1_flag
 .bss.timer2_counter
                0x0000000020000078        0x4 ./Core/Src/timer.o
                0x0000000020000078                timer2_counter
 .bss.timer2_flag
                0x000000002000007c        0x4 ./Core/Src/timer.o
                0x000000002000007c                timer2_flag
 *(COMMON)
 COMMON         0x0000000020000080       0x18 ./Core/Src/initial.o
                0x0000000020000080                red_value
                0x0000000020000084                red_manual
                0x0000000020000088                green_manual
                0x000000002000008c                green_value
                0x0000000020000090                yellow_manual
                0x0000000020000094                yellow_value
 COMMON         0x0000000020000098       0x48 ./Core/Src/main.o
                0x0000000020000098                htim2
 COMMON         0x00000000200000e0        0x4 ./Drivers/STM32F1xx_HAL_Driver/Src/stm32f1xx_hal.o
                0x00000000200000e0                uwTick
                0x00000000200000e4                . = ALIGN (0x4)
                0x00000000200000e4                _ebss = .
                0x00000000200000e4                __bss_end__ = _ebss

._user_heap_stack
                0x00000000200000e4      0x604 load address 0x0000000008002da0
                0x00000000200000e8                . = ALIGN (0x8)
 *fill*         0x00000000200000e4        0x4 
                [!provide]                        PROVIDE (end = .)
                0x00000000200000e8                PROVIDE (_end = .)
                0x00000000200002e8                . = (. + _Min_Heap_Size)
 *fill*         0x00000000200000e8      0x200 
                0x00000000200006e8                . = (. + _Min_Stack_Size)
 *fill*         0x00000000200002e8      0x400 
                0x00000000200006e8                . = ALIGN (0x8)

/DISCARD/
 libc.a(*)
 libm.a(*)
 libgcc.a(*)

.ARM.attributes
                0x0000000000000000       0x29
 *(.ARM.attributes)
 .ARM.attributes
                0x0000000000000000       0x1d c:/users/84869/onedrive/desktop/work/1.vxl/stm32cubeide_1.7.0/stm32cubeide/plugins/com.st.stm32cube.ide.mcu.externaltools.gnu-tools-for-stm32.9-2020-q2-update.win32_2.0.0.202105311346/tools/bin/../lib/gcc/arm-none-eabi/9.3.1/thumb/v7-m/nofp/crti.o
 .ARM.attributes
                0x000000000000001d       0x2d c:/users/84869/onedrive/desktop/work/1.vxl/stm32cubeide_1.7.0/stm32cubeide/plugins/com.st.stm32cube.ide.mcu.externaltools.gnu-tools-for-stm32.9-2020-q2-update.win32_2.0.0.202105311346/tools/bin/../lib/gcc/arm-none-eabi/9.3.1/thumb/v7-m/nofp/crtbegin.o
 .ARM.attributes
                0x000000000000004a       0x2d ./Core/Src/initial.o
 .ARM.attributes
                0x0000000000000077       0x2d ./Core/Src/input_processing.o
 .ARM.attributes
                0x00000000000000a4       0x2d ./Core/Src/input_reading.o
 .ARM.attributes
                0x00000000000000d1       0x2d ./Core/Src/led_display.o
 .ARM.attributes
                0x00000000000000fe       0x2d ./Core/Src/main.o
 .ARM.attributes
                0x000000000000012b       0x2d ./Core/Src/stm32f1xx_hal_msp.o
 .ARM.attributes
                0x0000000000000158       0x2d ./Core/Src/stm32f1xx_it.o
 .ARM.attributes
                0x0000000000000185       0x2d ./Core/Src/system_stm32f1xx.o
 .ARM.attributes
                0x00000000000001b2       0x2d ./Core/Src/timer.o
 .ARM.attributes
                0x00000000000001df       0x21 ./Core/Startup/startup_stm32f103c6ux.o
 .ARM.attributes
                0x0000000000000200       0x2d ./Drivers/STM32F1xx_HAL_Driver/Src/stm32f1xx_hal.o
 .ARM.attributes
                0x000000000000022d       0x2d ./Drivers/STM32F1xx_HAL_Driver/Src/stm32f1xx_hal_cortex.o
 .ARM.attributes
                0x000000000000025a       0x2d ./Drivers/STM32F1xx_HAL_Driver/Src/stm32f1xx_hal_gpio.o
 .ARM.attributes
                0x0000000000000287       0x2d ./Drivers/STM32F1xx_HAL_Driver/Src/stm32f1xx_hal_rcc.o
 .ARM.attributes
                0x00000000000002b4       0x2d ./Drivers/STM32F1xx_HAL_Driver/Src/stm32f1xx_hal_tim.o
 .ARM.attributes
                0x00000000000002e1       0x2d ./Drivers/STM32F1xx_HAL_Driver/Src/stm32f1xx_hal_tim_ex.o
 .ARM.attributes
                0x000000000000030e       0x2d c:/users/84869/onedrive/desktop/work/1.vxl/stm32cubeide_1.7.0/stm32cubeide/plugins/com.st.stm32cube.ide.mcu.externaltools.gnu-tools-for-stm32.9-2020-q2-update.win32_2.0.0.202105311346/tools/bin/../lib/gcc/arm-none-eabi/9.3.1/../../../../arm-none-eabi/lib/thumb/v7-m/nofp\libc_nano.a(lib_a-init.o)
 .ARM.attributes
                0x000000000000033b       0x2d c:/users/84869/onedrive/desktop/work/1.vxl/stm32cubeide_1.7.0/stm32cubeide/plugins/com.st.stm32cube.ide.mcu.externaltools.gnu-tools-for-stm32.9-2020-q2-update.win32_2.0.0.202105311346/tools/bin/../lib/gcc/arm-none-eabi/9.3.1/../../../../arm-none-eabi/lib/thumb/v7-m/nofp\libc_nano.a(lib_a-memset.o)
 .ARM.attributes
                0x0000000000000368       0x1d c:/users/84869/onedrive/desktop/work/1.vxl/stm32cubeide_1.7.0/stm32cubeide/plugins/com.st.stm32cube.ide.mcu.externaltools.gnu-tools-for-stm32.9-2020-q2-update.win32_2.0.0.202105311346/tools/bin/../lib/gcc/arm-none-eabi/9.3.1/thumb/v7-m/nofp/crtn.o
OUTPUT(Lab3.elf elf32-littlearm)
LOAD linker stubs
LOAD c:/users/84869/onedrive/desktop/work/1.vxl/stm32cubeide_1.7.0/stm32cubeide/plugins/com.st.stm32cube.ide.mcu.externaltools.gnu-tools-for-stm32.9-2020-q2-update.win32_2.0.0.202105311346/tools/bin/../lib/gcc/arm-none-eabi/9.3.1/../../../../arm-none-eabi/lib/thumb/v7-m/nofp\libc.a
LOAD c:/users/84869/onedrive/desktop/work/1.vxl/stm32cubeide_1.7.0/stm32cubeide/plugins/com.st.stm32cube.ide.mcu.externaltools.gnu-tools-for-stm32.9-2020-q2-update.win32_2.0.0.202105311346/tools/bin/../lib/gcc/arm-none-eabi/9.3.1/../../../../arm-none-eabi/lib/thumb/v7-m/nofp\libm.a
LOAD c:/users/84869/onedrive/desktop/work/1.vxl/stm32cubeide_1.7.0/stm32cubeide/plugins/com.st.stm32cube.ide.mcu.externaltools.gnu-tools-for-stm32.9-2020-q2-update.win32_2.0.0.202105311346/tools/bin/../lib/gcc/arm-none-eabi/9.3.1/thumb/v7-m/nofp\libgcc.a

.debug_info     0x0000000000000000     0x959c
 .debug_info    0x0000000000000000      0x10f ./Core/Src/initial.o
 .debug_info    0x000000000000010f      0x290 ./Core/Src/input_processing.o
 .debug_info    0x000000000000039f      0x3f5 ./Core/Src/input_reading.o
 .debug_info    0x0000000000000794      0x39a ./Core/Src/led_display.o
 .debug_info    0x0000000000000b2e      0xbd5 ./Core/Src/main.o
 .debug_info    0x0000000000001703      0xa04 ./Core/Src/stm32f1xx_hal_msp.o
 .debug_info    0x0000000000002107      0x7b4 ./Core/Src/stm32f1xx_it.o
 .debug_info    0x00000000000028bb      0x2be ./Core/Src/system_stm32f1xx.o
 .debug_info    0x0000000000002b79      0x84e ./Core/Src/timer.o
 .debug_info    0x00000000000033c7       0x22 ./Core/Startup/startup_stm32f103c6ux.o
 .debug_info    0x00000000000033e9      0x74c ./Drivers/STM32F1xx_HAL_Driver/Src/stm32f1xx_hal.o
 .debug_info    0x0000000000003b35      0xbbe ./Drivers/STM32F1xx_HAL_Driver/Src/stm32f1xx_hal_cortex.o
 .debug_info    0x00000000000046f3      0x701 ./Drivers/STM32F1xx_HAL_Driver/Src/stm32f1xx_hal_gpio.o
 .debug_info    0x0000000000004df4      0x88e ./Drivers/STM32F1xx_HAL_Driver/Src/stm32f1xx_hal_rcc.o
 .debug_info    0x0000000000005682     0x2a45 ./Drivers/STM32F1xx_HAL_Driver/Src/stm32f1xx_hal_tim.o
 .debug_info    0x00000000000080c7     0x14d5 ./Drivers/STM32F1xx_HAL_Driver/Src/stm32f1xx_hal_tim_ex.o

.debug_abbrev   0x0000000000000000     0x1bea
 .debug_abbrev  0x0000000000000000       0x76 ./Core/Src/initial.o
 .debug_abbrev  0x0000000000000076      0x15c ./Core/Src/input_processing.o
 .debug_abbrev  0x00000000000001d2      0x188 ./Core/Src/input_reading.o
 .debug_abbrev  0x000000000000035a      0x1c5 ./Core/Src/led_display.o
 .debug_abbrev  0x000000000000051f      0x235 ./Core/Src/main.o
 .debug_abbrev  0x0000000000000754      0x1b7 ./Core/Src/stm32f1xx_hal_msp.o
 .debug_abbrev  0x000000000000090b      0x176 ./Core/Src/stm32f1xx_it.o
 .debug_abbrev  0x0000000000000a81      0x14e ./Core/Src/system_stm32f1xx.o
 .debug_abbrev  0x0000000000000bcf      0x1ea ./Core/Src/timer.o
 .debug_abbrev  0x0000000000000db9       0x12 ./Core/Startup/startup_stm32f103c6ux.o
 .debug_abbrev  0x0000000000000dcb      0x1ed ./Drivers/STM32F1xx_HAL_Driver/Src/stm32f1xx_hal.o
 .debug_abbrev  0x0000000000000fb8      0x313 ./Drivers/STM32F1xx_HAL_Driver/Src/stm32f1xx_hal_cortex.o
 .debug_abbrev  0x00000000000012cb      0x1e8 ./Drivers/STM32F1xx_HAL_Driver/Src/stm32f1xx_hal_gpio.o
 .debug_abbrev  0x00000000000014b3      0x273 ./Drivers/STM32F1xx_HAL_Driver/Src/stm32f1xx_hal_rcc.o
 .debug_abbrev  0x0000000000001726      0x25e ./Drivers/STM32F1xx_HAL_Driver/Src/stm32f1xx_hal_tim.o
 .debug_abbrev  0x0000000000001984      0x266 ./Drivers/STM32F1xx_HAL_Driver/Src/stm32f1xx_hal_tim_ex.o

.debug_aranges  0x0000000000000000      0xa78
 .debug_aranges
                0x0000000000000000       0x28 ./Core/Src/initial.o
 .debug_aranges
                0x0000000000000028       0x38 ./Core/Src/input_processing.o
 .debug_aranges
                0x0000000000000060       0x48 ./Core/Src/input_reading.o
 .debug_aranges
                0x00000000000000a8       0x50 ./Core/Src/led_display.o
 .debug_aranges
                0x00000000000000f8       0x40 ./Core/Src/main.o
 .debug_aranges
                0x0000000000000138       0x30 ./Core/Src/stm32f1xx_hal_msp.o
 .debug_aranges
                0x0000000000000168       0x68 ./Core/Src/stm32f1xx_it.o
 .debug_aranges
                0x00000000000001d0       0x28 ./Core/Src/system_stm32f1xx.o
 .debug_aranges
                0x00000000000001f8       0x58 ./Core/Src/timer.o
 .debug_aranges
                0x0000000000000250       0x28 ./Core/Startup/startup_stm32f103c6ux.o
 .debug_aranges
                0x0000000000000278       0xe0 ./Drivers/STM32F1xx_HAL_Driver/Src/stm32f1xx_hal.o
 .debug_aranges
                0x0000000000000358      0x100 ./Drivers/STM32F1xx_HAL_Driver/Src/stm32f1xx_hal_cortex.o
 .debug_aranges
                0x0000000000000458       0x58 ./Drivers/STM32F1xx_HAL_Driver/Src/stm32f1xx_hal_gpio.o
 .debug_aranges
                0x00000000000004b0       0x90 ./Drivers/STM32F1xx_HAL_Driver/Src/stm32f1xx_hal_rcc.o
 .debug_aranges
                0x0000000000000540      0x3d0 ./Drivers/STM32F1xx_HAL_Driver/Src/stm32f1xx_hal_tim.o
 .debug_aranges
                0x0000000000000910      0x168 ./Drivers/STM32F1xx_HAL_Driver/Src/stm32f1xx_hal_tim_ex.o

.debug_ranges   0x0000000000000000      0x980
 .debug_ranges  0x0000000000000000       0x18 ./Core/Src/initial.o
 .debug_ranges  0x0000000000000018       0x28 ./Core/Src/input_processing.o
 .debug_ranges  0x0000000000000040       0x38 ./Core/Src/input_reading.o
 .debug_ranges  0x0000000000000078       0x40 ./Core/Src/led_display.o
 .debug_ranges  0x00000000000000b8       0x30 ./Core/Src/main.o
 .debug_ranges  0x00000000000000e8       0x20 ./Core/Src/stm32f1xx_hal_msp.o
 .debug_ranges  0x0000000000000108       0x58 ./Core/Src/stm32f1xx_it.o
 .debug_ranges  0x0000000000000160       0x18 ./Core/Src/system_stm32f1xx.o
 .debug_ranges  0x0000000000000178       0x48 ./Core/Src/timer.o
 .debug_ranges  0x00000000000001c0       0x20 ./Core/Startup/startup_stm32f103c6ux.o
 .debug_ranges  0x00000000000001e0       0xd0 ./Drivers/STM32F1xx_HAL_Driver/Src/stm32f1xx_hal.o
 .debug_ranges  0x00000000000002b0       0xf0 ./Drivers/STM32F1xx_HAL_Driver/Src/stm32f1xx_hal_cortex.o
 .debug_ranges  0x00000000000003a0       0x48 ./Drivers/STM32F1xx_HAL_Driver/Src/stm32f1xx_hal_gpio.o
 .debug_ranges  0x00000000000003e8       0x80 ./Drivers/STM32F1xx_HAL_Driver/Src/stm32f1xx_hal_rcc.o
 .debug_ranges  0x0000000000000468      0x3c0 ./Drivers/STM32F1xx_HAL_Driver/Src/stm32f1xx_hal_tim.o
 .debug_ranges  0x0000000000000828      0x158 ./Drivers/STM32F1xx_HAL_Driver/Src/stm32f1xx_hal_tim_ex.o

.debug_macro    0x0000000000000000    0x16ab1
 .debug_macro   0x0000000000000000       0x1a ./Core/Src/initial.o
 .debug_macro   0x000000000000001a      0xa9c ./Core/Src/initial.o
 .debug_macro   0x0000000000000ab6       0x1c ./Core/Src/initial.o
 .debug_macro   0x0000000000000ad2      0x1d2 ./Core/Src/input_processing.o
 .debug_macro   0x0000000000000ca4      0x215 ./Core/Src/input_processing.o
 .debug_macro   0x0000000000000eb9       0x2e ./Core/Src/input_processing.o
 .debug_macro   0x0000000000000ee7       0x22 ./Core/Src/input_processing.o
 .debug_macro   0x0000000000000f09       0x22 ./Core/Src/input_processing.o
 .debug_macro   0x0000000000000f2b       0x8e ./Core/Src/input_processing.o
 .debug_macro   0x0000000000000fb9       0x51 ./Core/Src/input_processing.o
 .debug_macro   0x000000000000100a      0x103 ./Core/Src/input_processing.o
 .debug_macro   0x000000000000110d       0x6a ./Core/Src/input_processing.o
 .debug_macro   0x0000000000001177      0x1df ./Core/Src/input_processing.o
 .debug_macro   0x0000000000001356       0x1c ./Core/Src/input_processing.o
 .debug_macro   0x0000000000001372       0x22 ./Core/Src/input_processing.o
 .debug_macro   0x0000000000001394       0xc3 ./Core/Src/input_processing.o
 .debug_macro   0x0000000000001457      0xd23 ./Core/Src/input_processing.o
 .debug_macro   0x000000000000217a     0xde75 ./Core/Src/input_processing.o
 .debug_macro   0x000000000000ffef       0x6d ./Core/Src/input_processing.o
 .debug_macro   0x000000000001005c     0x3468 ./Core/Src/input_processing.o
 .debug_macro   0x00000000000134c4      0x174 ./Core/Src/input_processing.o
 .debug_macro   0x0000000000013638       0x5c ./Core/Src/input_processing.o
 .debug_macro   0x0000000000013694      0x5be ./Core/Src/input_processing.o
 .debug_macro   0x0000000000013c52      0x1b7 ./Core/Src/input_processing.o
 .debug_macro   0x0000000000013e09      0x1cb ./Core/Src/input_processing.o
 .debug_macro   0x0000000000013fd4      0x114 ./Core/Src/input_processing.o
 .debug_macro   0x00000000000140e8      0x1b2 ./Core/Src/input_processing.o
 .debug_macro   0x000000000001429a       0x27 ./Core/Src/input_processing.o
 .debug_macro   0x00000000000142c1      0x12f ./Core/Src/input_processing.o
 .debug_macro   0x00000000000143f0      0x1bc ./Core/Src/input_processing.o
 .debug_macro   0x00000000000145ac       0x34 ./Core/Src/input_processing.o
 .debug_macro   0x00000000000145e0       0x3c ./Core/Src/input_processing.o
 .debug_macro   0x000000000001461c       0x57 ./Core/Src/input_processing.o
 .debug_macro   0x0000000000014673       0x88 ./Core/Src/input_processing.o
 .debug_macro   0x00000000000146fb      0x183 ./Core/Src/input_processing.o
 .debug_macro   0x000000000001487e      0x141 ./Core/Src/input_processing.o
 .debug_macro   0x00000000000149bf      0x8d1 ./Core/Src/input_processing.o
 .debug_macro   0x0000000000015290       0x69 ./Core/Src/input_processing.o
 .debug_macro   0x00000000000152f9      0x118 ./Core/Src/input_processing.o
 .debug_macro   0x0000000000015411      0x1e7 ./Core/Src/input_reading.o
 .debug_macro   0x00000000000155f8      0x1dc ./Core/Src/led_display.o
 .debug_macro   0x00000000000157d4      0x1f6 ./Core/Src/main.o
 .debug_macro   0x00000000000159ca      0x1a7 ./Core/Src/stm32f1xx_hal_msp.o
 .debug_macro   0x0000000000015b71      0x1b1 ./Core/Src/stm32f1xx_it.o
 .debug_macro   0x0000000000015d22      0x198 ./Core/Src/system_stm32f1xx.o
 .debug_macro   0x0000000000015eba      0x1c5 ./Core/Src/timer.o
 .debug_macro   0x000000000001607f      0x1bc ./Drivers/STM32F1xx_HAL_Driver/Src/stm32f1xx_hal.o
 .debug_macro   0x000000000001623b      0x198 ./Drivers/STM32F1xx_HAL_Driver/Src/stm32f1xx_hal_cortex.o
 .debug_macro   0x00000000000163d3      0x203 ./Drivers/STM32F1xx_HAL_Driver/Src/stm32f1xx_hal_gpio.o
 .debug_macro   0x00000000000165d6      0x1aa ./Drivers/STM32F1xx_HAL_Driver/Src/stm32f1xx_hal_rcc.o
 .debug_macro   0x0000000000016780      0x199 ./Drivers/STM32F1xx_HAL_Driver/Src/stm32f1xx_hal_tim.o
 .debug_macro   0x0000000000016919      0x198 ./Drivers/STM32F1xx_HAL_Driver/Src/stm32f1xx_hal_tim_ex.o

.debug_line     0x0000000000000000     0xc2ff
 .debug_line    0x0000000000000000       0x89 ./Core/Src/initial.o
 .debug_line    0x0000000000000089      0x933 ./Core/Src/input_processing.o
 .debug_line    0x00000000000009bc      0x90a ./Core/Src/input_reading.o
 .debug_line    0x00000000000012c6      0xa1a ./Core/Src/led_display.o
 .debug_line    0x0000000000001ce0      0x8f0 ./Core/Src/main.o
 .debug_line    0x00000000000025d0      0x7c2 ./Core/Src/stm32f1xx_hal_msp.o
 .debug_line    0x0000000000002d92      0x860 ./Core/Src/stm32f1xx_it.o
 .debug_line    0x00000000000035f2      0x804 ./Core/Src/system_stm32f1xx.o
 .debug_line    0x0000000000003df6      0x891 ./Core/Src/timer.o
 .debug_line    0x0000000000004687       0x87 ./Core/Startup/startup_stm32f103c6ux.o
 .debug_line    0x000000000000470e      0xa31 ./Drivers/STM32F1xx_HAL_Driver/Src/stm32f1xx_hal.o
 .debug_line    0x000000000000513f      0xc19 ./Drivers/STM32F1xx_HAL_Driver/Src/stm32f1xx_hal_cortex.o
 .debug_line    0x0000000000005d58      0xab2 ./Drivers/STM32F1xx_HAL_Driver/Src/stm32f1xx_hal_gpio.o
 .debug_line    0x000000000000680a      0xe3f ./Drivers/STM32F1xx_HAL_Driver/Src/stm32f1xx_hal_rcc.o
 .debug_line    0x0000000000007649     0x338f ./Drivers/STM32F1xx_HAL_Driver/Src/stm32f1xx_hal_tim.o
 .debug_line    0x000000000000a9d8     0x1927 ./Drivers/STM32F1xx_HAL_Driver/Src/stm32f1xx_hal_tim_ex.o

.debug_str      0x0000000000000000    0x822ef
 .debug_str     0x0000000000000000     0x2e0c ./Core/Src/initial.o
 .debug_str     0x0000000000002e0c    0x7c884 ./Core/Src/input_processing.o
                                      0x7f995 (size before relaxing)
 .debug_str     0x000000000007f690      0x1db ./Core/Src/input_reading.o
                                      0x7fa3c (size before relaxing)
 .debug_str     0x000000000007f86b       0xb6 ./Core/Src/led_display.o
                                      0x7f9c8 (size before relaxing)
 .debug_str     0x000000000007f921      0x6d5 ./Core/Src/main.o
                                      0x800a8 (size before relaxing)
 .debug_str     0x000000000007fff6      0x2ba ./Core/Src/stm32f1xx_hal_msp.o
                                      0x80028 (size before relaxing)
 .debug_str     0x00000000000802b0       0xcd ./Core/Src/stm32f1xx_it.o
                                      0x7fd8a (size before relaxing)
 .debug_str     0x000000000008037d       0x52 ./Core/Src/system_stm32f1xx.o
                                      0x7f505 (size before relaxing)
 .debug_str     0x00000000000803cf       0xc5 ./Core/Src/timer.o
                                      0x7fdd3 (size before relaxing)
 .debug_str     0x0000000000080494       0x36 ./Core/Startup/startup_stm32f103c6ux.o
                                         0x70 (size before relaxing)
 .debug_str     0x00000000000804ca      0x304 ./Drivers/STM32F1xx_HAL_Driver/Src/stm32f1xx_hal.o
                                      0x7fb5c (size before relaxing)
 .debug_str     0x00000000000807ce      0x300 ./Drivers/STM32F1xx_HAL_Driver/Src/stm32f1xx_hal_cortex.o
                                      0x7fb64 (size before relaxing)
 .debug_str     0x0000000000080ace      0x316 ./Drivers/STM32F1xx_HAL_Driver/Src/stm32f1xx_hal_gpio.o
                                      0x7f8c9 (size before relaxing)
 .debug_str     0x0000000000080de4      0x24f ./Drivers/STM32F1xx_HAL_Driver/Src/stm32f1xx_hal_rcc.o
                                      0x7f902 (size before relaxing)
 .debug_str     0x0000000000081033      0xdce ./Drivers/STM32F1xx_HAL_Driver/Src/stm32f1xx_hal_tim.o
                                      0x808d4 (size before relaxing)
 .debug_str     0x0000000000081e01      0x4ee ./Drivers/STM32F1xx_HAL_Driver/Src/stm32f1xx_hal_tim_ex.o
                                      0x80085 (size before relaxing)

.comment        0x0000000000000000       0x53
 .comment       0x0000000000000000       0x53 ./Core/Src/initial.o
                                         0x54 (size before relaxing)
 .comment       0x0000000000000053       0x54 ./Core/Src/input_processing.o
 .comment       0x0000000000000053       0x54 ./Core/Src/input_reading.o
 .comment       0x0000000000000053       0x54 ./Core/Src/led_display.o
 .comment       0x0000000000000053       0x54 ./Core/Src/main.o
 .comment       0x0000000000000053       0x54 ./Core/Src/stm32f1xx_hal_msp.o
 .comment       0x0000000000000053       0x54 ./Core/Src/stm32f1xx_it.o
 .comment       0x0000000000000053       0x54 ./Core/Src/system_stm32f1xx.o
 .comment       0x0000000000000053       0x54 ./Core/Src/timer.o
 .comment       0x0000000000000053       0x54 ./Drivers/STM32F1xx_HAL_Driver/Src/stm32f1xx_hal.o
 .comment       0x0000000000000053       0x54 ./Drivers/STM32F1xx_HAL_Driver/Src/stm32f1xx_hal_cortex.o
 .comment       0x0000000000000053       0x54 ./Drivers/STM32F1xx_HAL_Driver/Src/stm32f1xx_hal_gpio.o
 .comment       0x0000000000000053       0x54 ./Drivers/STM32F1xx_HAL_Driver/Src/stm32f1xx_hal_rcc.o
 .comment       0x0000000000000053       0x54 ./Drivers/STM32F1xx_HAL_Driver/Src/stm32f1xx_hal_tim.o
 .comment       0x0000000000000053       0x54 ./Drivers/STM32F1xx_HAL_Driver/Src/stm32f1xx_hal_tim_ex.o

.debug_frame    0x0000000000000000     0x299c
 .debug_frame   0x0000000000000000       0x50 ./Core/Src/initial.o
 .debug_frame   0x0000000000000050       0x90 ./Core/Src/input_processing.o
 .debug_frame   0x00000000000000e0       0xfc ./Core/Src/input_reading.o
 .debug_frame   0x00000000000001dc       0xec ./Core/Src/led_display.o
 .debug_frame   0x00000000000002c8       0xb0 ./Core/Src/main.o
 .debug_frame   0x0000000000000378       0x80 ./Core/Src/stm32f1xx_hal_msp.o
 .debug_frame   0x00000000000003f8      0x120 ./Core/Src/stm32f1xx_it.o
 .debug_frame   0x0000000000000518       0x58 ./Core/Src/system_stm32f1xx.o
 .debug_frame   0x0000000000000570      0x12c ./Core/Src/timer.o
 .debug_frame   0x000000000000069c      0x334 ./Drivers/STM32F1xx_HAL_Driver/Src/stm32f1xx_hal.o
 .debug_frame   0x00000000000009d0      0x428 ./Drivers/STM32F1xx_HAL_Driver/Src/stm32f1xx_hal_cortex.o
 .debug_frame   0x0000000000000df8      0x14c ./Drivers/STM32F1xx_HAL_Driver/Src/stm32f1xx_hal_gpio.o
 .debug_frame   0x0000000000000f44      0x21c ./Drivers/STM32F1xx_HAL_Driver/Src/stm32f1xx_hal_rcc.o
 .debug_frame   0x0000000000001160     0x11b8 ./Drivers/STM32F1xx_HAL_Driver/Src/stm32f1xx_hal_tim.o
 .debug_frame   0x0000000000002318      0x638 ./Drivers/STM32F1xx_HAL_Driver/Src/stm32f1xx_hal_tim_ex.o
 .debug_frame   0x0000000000002950       0x2c c:/users/84869/onedrive/desktop/work/1.vxl/stm32cubeide_1.7.0/stm32cubeide/plugins/com.st.stm32cube.ide.mcu.externaltools.gnu-tools-for-stm32.9-2020-q2-update.win32_2.0.0.202105311346/tools/bin/../lib/gcc/arm-none-eabi/9.3.1/../../../../arm-none-eabi/lib/thumb/v7-m/nofp\libc_nano.a(lib_a-init.o)
 .debug_frame   0x000000000000297c       0x20 c:/users/84869/onedrive/desktop/work/1.vxl/stm32cubeide_1.7.0/stm32cubeide/plugins/com.st.stm32cube.ide.mcu.externaltools.gnu-tools-for-stm32.9-2020-q2-update.win32_2.0.0.202105311346/tools/bin/../lib/gcc/arm-none-eabi/9.3.1/../../../../arm-none-eabi/lib/thumb/v7-m/nofp\libc_nano.a(lib_a-memset.o)
